model files:
- pom.xml

CONCEPT files:
- src/main/java/cml/language/generated/Concept.java

MODEL_ELEMENT files:
- src/main/java/cml/language/generated/ModelElement.java

NAMED_ELEMENT files:
- src/main/java/cml/language/generated/NamedElement.java

TYPED_ELEMENT files:
- src/main/java/cml/language/generated/TypedElement.java

SCOPE files:
- src/main/java/cml/language/generated/Scope.java

LOCATION files:
- src/main/java/cml/language/generated/Location.java

EXPRESSION files:
- src/main/java/cml/language/generated/Expression.java

MODEL files:
- src/main/java/cml/language/generated/Model.java

MODULE files:
- src/main/java/cml/language/generated/Module.java

IMPORT files:
- src/main/java/cml/language/generated/Import.java

PROPERTY files:
- src/main/java/cml/language/generated/Property.java

PROPERTY_LIST files:
- src/main/java/cml/language/generated/PropertyList.java

TASK files:
- src/main/java/cml/language/generated/Task.java

TYPE files:
- src/main/java/cml/language/generated/Type.java

MEMBERSHIP files:
- src/main/java/cml/language/generated/Membership.java

LOCALIZATION files:
- src/main/java/cml/language/generated/Localization.java
