model files:
- setup.py
- cml_expressions_paths_pop/__init__.py
