model files:
- setup.py
- cml_expressions_literals_pop/__init__.py
