model files:
- pom.xml

TypeChecks files:
- src/main/java/type_checks/poj/TypeChecks.java

Ancestor files:
- src/main/java/type_checks/poj/Ancestor.java

Descendant files:
- src/main/java/type_checks/poj/Descendant.java
