
Failed validation: required generalization_compatible_redefinition: in property C.p1: STRING (27:5)
- property A.p1: INTEGER (8:5)
- property B.p1: INTEGER (19:5)

Failed validation: required generalization_compatible_redefinition: in property D.p2: INTEGER (38:5)
- property A.p2: STRING (9:5)

Failed validation: required compatible_generalizations: in concept E (47:1)
- property A.p2: STRING (9:5)
- property D.p2: INTEGER (38:5)

Failed validation: required generalization_compatible_redefinition: in property E.p1: STRING (49:5)
- property A.p1: INTEGER (8:5)
- property D.p1: INTEGER (37:5)

Failed validation: required generalization_compatible_redefinition: in property E.r1: STRING (51:5)
- property A.r1: DECIMAL (11:5)
- property D.r1: DECIMAL (40:5)

Failed validation: required compatible_generalizations: in concept F (57:1)
- property A.p2: STRING (9:5)
- property D.p2: INTEGER (38:5)

Failed validation: required conflict_redefinition: in concept F (57:1)
- property A.t2: STRING (14:5)
- property D.t2: STRING (43:5)

Failed validation: required generalization_compatible_redefinition: in property F.t1: BOOLEAN (62:5)
- property A.t1: STRING (13:5)
- property D.t1: STRING (42:5)
