model files:
- setup.py
- cml_specializations_redefinitions_shapes_cmlc/__init__.py
