model files:
- pom.xml

cml_base files:
- src/main/java/functions/poj/CmlBaseFunctions.java

Functions files:
- src/main/java/functions/poj/Functions.java

Item files:
- src/main/java/functions/poj/Item.java
