model files:
- pom.xml

ExpressionCases files:
- src/main/java/paths/cmlc/ExpressionCases.java

SomeConcept files:
- src/main/java/paths/cmlc/SomeConcept.java

AnotherConcept files:
- src/main/java/paths/cmlc/AnotherConcept.java
