model files:
- pom.xml

LITERAL_EXPRESSIONS files:
- src/main/java/literals/poj/LiteralExpressions.java
