model files:
- pom.xml

LetExpressions files:
- src/main/java/let/poj/LetExpressions.java
