model files:
- setup.py
- cml_inheritance_multiple_mcml_cmlc/__init__.py
