model files:
- setup.py
- cml_language/__init__.py
