model files:
- pom.xml

Expressions files:
- src/main/java/literals/Expressions.java
