model files:
- setup.py
- cml_expressions_paths_cmlc/__init__.py
