model files:
- setup.py
- cml_associations_bidirectional_vehicles_pop/__init__.py
