model files:
- setup.py
- cml_associations_unidirectional_vehicles_pop/__init__.py
