model files:
- pom.xml

Vehicle files:
- src/main/java/vehicles/cmlc/Vehicle.java

Organization files:
- src/main/java/vehicles/cmlc/Organization.java

Employee files:
- src/main/java/vehicles/cmlc/Employee.java
