model files:
- setup.py
- cml_expressions_types_pop/__init__.py
