model files:
- setup.py
- cml_associations_unidirectional_vehicles_cmlc/__init__.py
