model files:
- setup.py
- cml_expressions_functions_pop/__init__.py
