model files:
- pom.xml

Vehicle files:
- src/main/java/vehicles/poj/Vehicle.java

Organization files:
- src/main/java/vehicles/poj/Organization.java

Employee files:
- src/main/java/vehicles/poj/Employee.java
